[www.tradingstyle.in/stock-market-course/indexa765.html]
[backblue.gif]
[fade.gif]
[index.html]
[www.tradingstyle.in/stock-market-course/o,baseURI.0.delayed]
[www.tradingstyle.in/stock-market-course/GET.1.delayed]
[cdn-klhgb.nitrocdn.com/WZnBefjxIJVJcRJZphvcxZCKiXvqVbil/assets/images/optimized/rev-7429dca/www.tradingstyle.in/wp-content/uploads/2023/01/banner-1.jpg]
[cdn-klhgb.nitrocdn.com/WZnBefjxIJVJcRJZphvcxZCKiXvqVbil/assets/images/optimized/rev-7429dca/www.tradingstyle.in/wp-content/uploads/2023/01/cropped-trading-style-favicon-32x32.png]
[cdn-klhgb.nitrocdn.com/WZnBefjxIJVJcRJZphvcxZCKiXvqVbil/assets/images/optimized/rev-7429dca/www.tradingstyle.in/wp-content/uploads/2023/01/cropped-trading-style-favicon-192x192.png]
[www.tradingstyle.in/stock-market-course/index.html]
[cdn-klhgb.nitrocdn.com/WZnBefjxIJVJcRJZphvcxZCKiXvqVbil/assets/images/optimized/rev-7429dca/www.tradingstyle.in/wp-content/uploads/2023/01/cropped-trading-style-favicon-180x180.png]
[www.tradingstyle.in/stock-market-course/Edge/index.html]
[connect.facebook.net/en_US/fbevents.js]
[www.tradingstyle.in/stock-market-course/e.8.delayed]
[www.tradingstyle.in/wp-content/uploads/2023/01/Trading-Style-Logo-Green-Black-1.jpg]
[www.tradingstyle.in/wp-content/uploads/2023/06/google-logo.png]
[www.tradingstyle.in/wp-content/uploads/2023/01/jayant-dange.png]
[www.tradingstyle.in/wp-content/uploads/2023/01/trading-style-jayant-dange-course-1.jpg]
[www.tradingstyle.in/wp-content/uploads/2023/01/trading-style-jayant-dange-course-7.jpg]
[www.tradingstyle.in/wp-content/uploads/2023/01/trading-style-jayant-dange-course-12.jpg]
[www.tradingstyle.in/wp-content/uploads/2023/01/trading-style-jayant-dange-course-11.jpg]
[www.tradingstyle.in/wp-content/uploads/2023/01/trading-style-jayant-dange-course-9.jpg]
[www.tradingstyle.in/wp-content/uploads/2023/01/trading-style-jayant-dange-course-10.jpg]
[www.tradingstyle.in/wp-content/uploads/2023/01/trading-style-jayant-dange-course-8.jpg]
[www.tradingstyle.in/wp-content/uploads/2023/01/trading-style-jayant-dange-course-6.jpg]
[www.tradingstyle.in/wp-content/uploads/2023/01/trading-style-jayant-dange-course-5.jpg]
[www.tradingstyle.in/wp-content/uploads/2023/01/trading-style-jayant-dange-course-4.jpg]
[www.tradingstyle.in/wp-content/uploads/2023/01/trading-style-jayant-dange-course-3.jpg]
[www.tradingstyle.in/wp-content/uploads/2023/01/trading-style-jayant-dange-course-2.jpg]
[www.tradingstyle.in/wp-content/uploads/2023/01/5.png]
[www.tradingstyle.in/wp-content/uploads/2023/01/6.png]
[www.tradingstyle.in/wp-content/uploads/2023/01/7.png]
[www.tradingstyle.in/wp-content/uploads/2023/01/9.png]
[www.tradingstyle.in/wp-content/uploads/2023/01/10.png]
[www.tradingstyle.in/wp-content/uploads/2023/01/PROFIT-copy.png]
[www.tradingstyle.in/wp-content/uploads/2023/01/PROFIT-3.png]
[www.tradingstyle.in/stock-market-course/POST.1f.delayed]
[cdn-klhgb.nitrocdn.com/WZnBefjxIJVJcRJZphvcxZCKiXvqVbil/assets/static/optimized/rev-fdfa402/www.tradingstyle.in/wp-includes/js/jquery/nitro-min-f43b551b749a36845288913120943cc6.jquery.min.js]
[cdn-klhgb.nitrocdn.com/WZnBefjxIJVJcRJZphvcxZCKiXvqVbil/assets/static/optimized/rev-fdfa402/www.tradingstyle.in/wp-includes/js/jquery/nitro-min-558973c0fd98109493258c8470e94016.jquery-migrate.min.js]
[cdn-klhgb.nitrocdn.com/WZnBefjxIJVJcRJZphvcxZCKiXvqVbil/assets/static/optimized/rev-fdfa402/cdnjs.cloudflare.com/ajax/libs/slick-carousel/1.6.0/nitro-min-slick.js]
[cdn-klhgb.nitrocdn.com/WZnBefjxIJVJcRJZphvcxZCKiXvqVbil/assets/static/optimized/rev-fdfa402/www.tradingstyle.in/wp-content/plugins/cleantalk-spam-protect/js/nitro-min-70115a7cb84a97a4041561aa01a9b6c9.apbct-public-]
[cdn-klhgb.nitrocdn.com/WZnBefjxIJVJcRJZphvcxZCKiXvqVbil/assets/static/optimized/rev-fdfa402/www.tradingstyle.in/wp-content/plugins/forminator/assets/js/library/nitro-min-8915cfa84ad049d0d201b359182d9d6f.jquery.val]
[cdn-klhgb.nitrocdn.com/WZnBefjxIJVJcRJZphvcxZCKiXvqVbil/assets/static/optimized/rev-fdfa402/www.tradingstyle.in/wp-content/themes/Divi/js/nitro-min-06705f0a44460ec6e1b4ebc51b65a488.scripts.min.js]
[cdn-klhgb.nitrocdn.com/WZnBefjxIJVJcRJZphvcxZCKiXvqVbil/assets/static/optimized/rev-fdfa402/www.tradingstyle.in/wp-content/themes/Divi/js/nitro-min-06705f0a44460ec6e1b4ebc51b65a488.smoothscroll.js]
[cdn-klhgb.nitrocdn.com/WZnBefjxIJVJcRJZphvcxZCKiXvqVbil/assets/static/optimized/rev-fdfa402/www.tradingstyle.in/wp-includes/js/jquery/ui/nitro-min-3f14e9ae88f0336c658774ab6b2e8d39.core.min.js]
[cdn-klhgb.nitrocdn.com/WZnBefjxIJVJcRJZphvcxZCKiXvqVbil/assets/static/optimized/rev-fdfa402/www.tradingstyle.in/wp-content/plugins/forminator/assets/forminator-ui/js/nitro-min-8915cfa84ad049d0d201b359182d9d6f.form]
[cdn-klhgb.nitrocdn.com/WZnBefjxIJVJcRJZphvcxZCKiXvqVbil/assets/static/optimized/rev-fdfa402/www.tradingstyle.in/wp-content/uploads/pum/nitro-min-f7b779781a016bc48f0afa01d9c9023e.pum-site-scripts.js]
[cdn-klhgb.nitrocdn.com/WZnBefjxIJVJcRJZphvcxZCKiXvqVbil/assets/static/optimized/rev-fdfa402/www.tradingstyle.in/wp-content/themes/Divi/core/admin/js/nitro-min-06705f0a44460ec6e1b4ebc51b65a488.common.js]
[cdn-klhgb.nitrocdn.com/WZnBefjxIJVJcRJZphvcxZCKiXvqVbil/assets/static/optimized/rev-fdfa402/www.tradingstyle.in/wp-content/plugins/forminator/assets/js/library/nitro-min-8915cfa84ad049d0d201b359182d9d6f.intlTelInp]
[cdn-klhgb.nitrocdn.com/WZnBefjxIJVJcRJZphvcxZCKiXvqVbil/assets/static/optimized/rev-fdfa402/www.tradingstyle.in/wp-content/plugins/forminator/build/front/nitro-min-8915cfa84ad049d0d201b359182d9d6f.front.multi.min]
[cdn-klhgb.nitrocdn.com/WZnBefjxIJVJcRJZphvcxZCKiXvqVbil/assets/static/optimized/rev-fdfa402/www.tradingstyle.in/wp-content/plugins/forminator/assets/js/library/nitro-min-8915cfa84ad049d0d201b359182d9d6f.cleave.min]
[cdn.trustindex.io/loader1e39.js]
[cdn-klhgb.nitrocdn.com/WZnBefjxIJVJcRJZphvcxZCKiXvqVbil/assets/static/optimized/rev-fdfa402/www.tradingstyle.in/wp-content/plugins/forminator/assets/js/library/nitro-min-8915cfa84ad049d0d201b359182d9d6f.cleave-pho]
[cdn-klhgb.nitrocdn.com/WZnBefjxIJVJcRJZphvcxZCKiXvqVbil/assets/static/optimized/rev-fdfa402/www.tradingstyle.in/combinedCss/nitro-min-noimport-c659cff0d22eaf1d0ce143e2afb7d2ad-stylesheet.css]
[cdn-klhgb.nitrocdn.com/WZnBefjxIJVJcRJZphvcxZCKiXvqVbil/assets/static/optimized/rev-fdfa402/www.tradingstyle.in/combinedCss/nitro-min-noimport-903f46b8ec670d7623482d363a215a3f-stylesheet.css]
[cdn-klhgb.nitrocdn.com/WZnBefjxIJVJcRJZphvcxZCKiXvqVbil/assets/static/optimized/rev-fdfa402/www.tradingstyle.in/wp-content/plugins/hurrytimer/assets/js/nitro-min-a1c334b2c54f75dd4bbac91c69911462.cookie.min.2a.dela]
[cdn-klhgb.nitrocdn.com/WZnBefjxIJVJcRJZphvcxZCKiXvqVbil/assets/static/optimized/rev-fdfa402/www.tradingstyle.in/combinedCss/nitro-min-noimport-f8d96eb7c2931870c7bf198438775950-stylesheet.css]
[www.tradingstyle.in/stock-market-course/indexa765.html]
[cdn-klhgb.nitrocdn.com/WZnBefjxIJVJcRJZphvcxZCKiXvqVbil/assets/static/optimized/rev-fdfa402/www.tradingstyle.in/externalFontFace/nitro-min-noimport-768e12fa867c4e3b6685a0626d15c3a6-stylesheet.css]
[www.tradingstyle.in/stock-market-course/o,baseURI.html]
[cdn-klhgb.nitrocdn.com/WZnBefjxIJVJcRJZphvcxZCKiXvqVbil/assets/static/optimized/rev-fdfa402/www.tradingstyle.in/wp-content/plugins/hurrytimer/assets/js/nitro-min-3601d9521d9e919c9b43d251e839cfab.jquery.countdown.m]
[www.tradingstyle.in/stock-market-course/GET.html]
[cdn-klhgb.nitrocdn.com/WZnBefjxIJVJcRJZphvcxZCKiXvqVbil/assets/static/optimized/rev-fdfa402/www.tradingstyle.in/wp-content/plugins/hurrytimer/assets/js/nitro-min-c170a481fa6683a7ec2fd2e95d9cd4fd.hurrytimer.2c.dela]
[www.tradingstyle.in/stock-market-course/Edge/index.html]
[cdn-klhgb.nitrocdn.com/WZnBefjxIJVJcRJZphvcxZCKiXvqVbil/assets/static/optimized/rev-fdfa402/www.tradingstyle.in/wp-content/themes/Divi/includes/builder/feature/dynamic-assets/assets/js/nitro-min-06705f0a44460ec6e1]
[cdn-klhgb.nitrocdn.com/WZnBefjxIJVJcRJZphvcxZCKiXvqVbil/assets/static/optimized/rev-fdfa402/www.tradingstyle.in/wp-content/themes/Divi/includes/builder/feature/dynamic-assets/assets/js/nitro-min-06705f0a44460ec6e1-2]
[www.tradingstyle.in/stock-market-course/index.html]
[www.googletagmanager.com/gtm5445.html]
[cdn-klhgb.nitrocdn.com/WZnBefjxIJVJcRJZphvcxZCKiXvqVbil/assets/static/optimized/rev-fdfa402/www.tradingstyle.in/wp-content/themes/Divi/includes/builder/feature/dynamic-assets/assets/js/nitro-min-06705f0a44460ec6e1-3]
[cdn-klhgb.nitrocdn.com/WZnBefjxIJVJcRJZphvcxZCKiXvqVbil/assets/static/optimized/rev-fdfa402/www.tradingstyle.in/wp-content/themes/Divi/includes/builder/feature/dynamic-assets/assets/js/nitro-min-06705f0a44460ec6e1-4]
[cdn-klhgb.nitrocdn.com/WZnBefjxIJVJcRJZphvcxZCKiXvqVbil/assets/static/optimized/rev-fdfa402/www.tradingstyle.in/wp-content/themes/Divi/includes/builder/feature/dynamic-assets/assets/js/nitro-min-06705f0a44460ec6e1-5]
[www.tradingstyle.in/stock-market-course/a.3c.delayed]
[www.tradingstyle.in/stock-market-course/schema.org/index.html]
[www.tradingstyle.in/stock-market-course/b.3d.delayed]
[www.tradingstyle.in/signals/iwl.3f.delayed]
[connect.facebook.net/en_US/fbevents.js]
[www.tradingstyle.in/stock-market-course/e.html]
[www.tradingstyle.in/stock-market-course/POST.html]
[cdn-klhgb.nitrocdn.com/WZnBefjxIJVJcRJZphvcxZCKiXvqVbil/assets/images/source/rev-7429dca/www.tradingstyle.in/wp-content/plugins/forminator/assets/img/flags.png]
[cdn-klhgb.nitrocdn.com/WZnBefjxIJVJcRJZphvcxZCKiXvqVbil/assets/images/optimized/rev-7429dca/www.tradingstyle.in/wp-content/plugins/forminator/assets/img/flags@2x.png]
[cdn-klhgb.nitrocdn.com/WZnBefjxIJVJcRJZphvcxZCKiXvqVbil/assets/images/optimized/rev-7429dca/www.tradingstyle.in/wp-content/themes/Divi/includes/builder/styles/images/preloader.gif]
[cdn-klhgb.nitrocdn.com/WZnBefjxIJVJcRJZphvcxZCKiXvqVbil/assets/images/optimized/rev-7429dca/www.tradingstyle.in/wp-content/themes/Divi/includes/builder/styles/images/subscribe-loader.gif]
[cdn-klhgb.nitrocdn.com/WZnBefjxIJVJcRJZphvcxZCKiXvqVbil/assets/static/optimized/rev-fdfa402/www.tradingstyle.in/combinedCss/nitro-min-noimport-c659cff0d22eaf1d0ce143e2afb7d2ad-stylesheet.css]
[cdn-klhgb.nitrocdn.com/WZnBefjxIJVJcRJZphvcxZCKiXvqVbil/assets/static/optimized/rev-fdfa402/www.tradingstyle.in/combinedCss/nitro-min-noimport-903f46b8ec670d7623482d363a215a3f-stylesheet.css]
[cdn-klhgb.nitrocdn.com/WZnBefjxIJVJcRJZphvcxZCKiXvqVbil/assets/static/optimized/rev-fdfa402/www.tradingstyle.in/combinedCss/nitro-min-noimport-f8d96eb7c2931870c7bf198438775950-stylesheet.css]
[cdn-klhgb.nitrocdn.com/WZnBefjxIJVJcRJZphvcxZCKiXvqVbil/assets/static/optimized/rev-fdfa402/www.tradingstyle.in/externalFontFace/nitro-min-noimport-768e12fa867c4e3b6685a0626d15c3a6-stylesheet.css]
[www.tradingstyle.in/stock-market-course/schema.org/index.html]
[www.tradingstyle.in/stock-market-course/b.html]
[www.tradingstyle.in/signals/iwl.html]
